[backblue.gif]
[fade.gif]
[index.html]
[www.2brains.az/test/favicon.png]
[www.2brains.az/test/img/blog6.jpg]
[www.2brains.az/test/img/blog10_h.jpg]
[www.2brains.az/test/img/blog9.jpg]
[www.2brains.az/test/img/blog3.jpg]
[www.2brains.az/test/img/blog14.jpg]
[www.2brains.az/test/img/blog4.jpg]
[www.2brains.az/test/img/blog15.jpg]
[www.2brains.az/test/plugins/plugins.js]
[www.2brains.az/test/js/main.js]
[www.2brains.az/test/index.html]
[www.2brains.az/test/plugins/lightgallery/dist/fonts/lg-n1z373.eot]
[www.2brains.az/test/plugins/lightgallery/dist/fonts/lg-.eot]
[www.2brains.az/test/plugins/lightgallery/dist/fonts/lg-n1z373.woff]
[www.2brains.az/test/plugins/lightgallery/dist/fonts/lg-n1z373.ttf]
[www.2brains.az/test/css/vendor.css]
[www.2brains.az/test/font/Varela_Round-normal-400.woff]
[www.2brains.az/test/font/ish-icons-86514304.eot]
[www.2brains.az/test/font/ish-icons-86514304.woff]
[www.2brains.az/test/font/ish-icons-86514304.ttf]
[www.2brains.az/test/css/style.css]
[www.2brains.az/test/index-2.html]
[www.2brains.az/test/img/logo.svg]
[www.2brains.az/test/img/blog1.jpg]
[www.2brains.az/test/az/design.html]
[www.2brains.az/test/img/web.jpg]
[www.2brains.az/test/az/webdesign.html]
[www.2brains.az/test/img/blog10.jpg]
[www.2brains.az/test/portfolio-square.html]
[www.2brains.az/test/img/blog12.jpg]
[www.2brains.az/test/portfolio-detail-default.html]
[www.2brains.az/test/portfolio-detail-left.html]
[www.2brains.az/test/img/blog5.jpg]
[www.2brains.az/test/img/blog13.jpg]
[www.2brains.az/test/portfolio-detail-right.html]
[www.2brains.az/test/img/blog2.jpg]
[www.2brains.az/test/blog.html]
[www.2brains.az/test/contact.html]
[www.2brains.az/test/az/smm.html]
[www.2brains.az/test/az/branding.html]
[www.2brains.az/test/shortcodes.html]
[www.2brains.az/test/img/logo2.svg]
[www.2brains.az/test/css/plugins/lightgallery/dist/fonts/lg-n1z373.html]
[www.2brains.az/test/css/plugins/lightgallery/dist/img/vimeo-play.html]
[www.2brains.az/test/css/plugins/lightgallery/dist/img/video-play.html]
[www.2brains.az/test/css/plugins/lightgallery/dist/img/youtube-play.html]
[www.2brains.az/test/css/plugins/lightgallery/dist/img/loading.html]
[www.2brains.az/test/font/ish-icons-86514304.svg]
[www.2brains.az/test/az/portfolio-detail-left.html]
[www.2brains.az/test/az/portfolio-detail-right.html]
[www.2brains.az/test/az/portfolio.html]
[www.2brains.az/test/az/portfolio-gallery.html]
[www.2brains.az/test/az/portfolio-square.html]
[www.2brains.az/test/az/portfolio-detail-default.html]
[www.2brains.az/test/az/blog.html]
[www.2brains.az/test/az/contact.html]
[www.2brains.az/test/az/index.html]
[www.2brains.az/test/apple-touch-icon.html]
[www.2brains.az/test/plugins/lightgallery/dist/img/vimeo-play.png]
[www.2brains.az/test/plugins/lightgallery/dist/img/video-play.png]
[www.2brains.az/test/plugins/lightgallery/dist/img/youtube-play.png]
[www.2brains.az/test/plugins/lightgallery/dist/img/loading.gif]
[www.2brains.az/test/vendor.css]
[www.2brains.az/test/style.css]
[www.2brains.az/test/portfolio.html]
[www.2brains.az/test/portfolio-gallery.html]
[www.2brains.az/test/img/recent_project1.jpg]
[www.2brains.az/test/img/recent_project2.jpg]
[www.2brains.az/test/img/recent_project3.jpg]
[www.2brains.az/test/img/recent_project4.jpg]
[www.2brains.az/test/img/recent_project5.jpg]
[www.2brains.az/test/img/recent_project6.jpg]
[www.2brains.az/test/img/recent_project7.jpg]
[www.2brains.az/test/img/recent_project8.jpg]
[www.2brains.az/test/img/recent_project9.jpg]
[www.2brains.az/test/blog-classic.html]
[www.2brains.az/test/img/blog-detail1.jpg]
[www.2brains.az/test/img/blog13_h.jpg]
[www.2brains.az/test/img/blog8.jpg]
[www.2brains.az/test/img/blog7.jpg]
[www.2brains.az/test/img/avatar.png]
[www.2brains.az/test/blog-detail.html]
[www.2brains.az/test/img/blog11.jpg]
[www.2brains.az/test/about.html]
[www.2brains.az/test/img/team_1.jpg]
[www.2brains.az/test/img/team_2.jpg]
[www.2brains.az/test/img/team_3.jpg]
[www.2brains.az/test/img/team_4.jpg]
[www.2brains.az/test/team.html]
[www.2brains.az/test/search-results.html]
[www.2brains.az/test/404.html]
[www.2brains.az/test/contact-alt.html]
[www.2brains.az/test/plugins/lightgallery/dist/fonts/lg-n1z373.svg]
